// Jest Snapshot v1, https://goo.gl/fbAQLP

exports[`STORIES_MOVIES_AWARD compare Page against snapshot 1`] = `<div />`;
