// Jest Snapshot v1, https://goo.gl/fbAQLP

exports[`ABOUT-TIMELINE compare Page against snapshot 1`] = `
.emotion-0 {
  display: -webkit-box;
  display: -webkit-flex;
  display: -ms-flexbox;
  display: flex;
  -webkit-flex-direction: column;
  -ms-flex-direction: column;
  flex-direction: column;
}

.emotion-1 {
  box-sizing: border-box;
  width: 100%;
  height: inherit;
  border-radius: 0;
  background: linear-gradient(60deg, rgb(59, 75, 149) 0%, #000 150%);
  color: #fff;
}

@media (min-width:0px) {
  .emotion-1 {
    padding: 1.5rem 1.5rem 1.5rem 1.5rem;
  }
}

@media (min-width:600px) {
  .emotion-1 {
    padding: 2rem 3rem 2rem 3rem;
  }
}

@media (min-width:900px) {
  .emotion-1 {
    padding: 3rem 2.5rem 3rem 2.5rem;
  }
}

.emotion-3 {
  padding: 0 0 1rem 0;
  margin: 0;
}

.emotion-4 {
  font-size: 1rem;
  margin-bottom: 1rem;
}

.emotion-5 {
  display: -webkit-box;
  display: -webkit-flex;
  display: -ms-flexbox;
  display: flex;
  -webkit-flex-direction: column;
  -ms-flex-direction: column;
  flex-direction: column;
  font-size: 1rem;
}

@media (min-width:0px) {
  .emotion-5 {
    padding: 0rem 2rem 3rem 2rem;
  }
}

@media (min-width:600px) {
  .emotion-5 {
    padding: 0rem 2rem 3rem 2rem;
  }
}

@media (min-width:1200px) {
  .emotion-5 {
    padding: 0rem 4rem 3rem 4rem;
  }
}

.emotion-6 {
  padding: 0rem 0rem 4rem 0rem;
}

.emotion-9 {
  padding: 0;
  margin: 1rem 0 0.5rem 0;
  text-transform: lowercase;
  font-size: 2.5rem;
}

.emotion-14 {
  background-color: #fff;
  color: rgba(0, 0, 0, 0.87);
  -webkit-transition: box-shadow 300ms cubic-bezier(0.4, 0, 0.2, 1) 0ms;
  transition: box-shadow 300ms cubic-bezier(0.4, 0, 0.2, 1) 0ms;
  border-radius: 4px;
  box-shadow: 0px 2px 1px -1px rgba(0,0,0,0.2),0px 1px 1px 0px rgba(0,0,0,0.14),0px 1px 3px 0px rgba(0,0,0,0.12);
}

.emotion-15 {
  padding: 0.85rem;
}

.emotion-16 {
  font-size: 1.5rem;
  padding-bottom: 0.5rem;
}

.emotion-17 {
  font-size: 0.9rem;
}

.emotion-18 {
  cursor: pointer;
  -webkit-text-decoration: underline;
  text-decoration: underline;
  text-decoration-style: dotted;
  text-decoration-color: #556cd6;
  text-decoration-thickness: 1px;
}

<div>
  <div
    class="emotion-0"
  >
    <div
      style="margin-bottom: 2rem;"
    >
      <div
        class="com-layout-section section-0 MuiBox-root emotion-1"
      >
        <div
          class="emotion-0"
        >
          <h2
            class="emotion-3"
          >
            How the project has evolved?
          </h2>
          <div
            class="emotion-4"
          >
            a timeline since the project creation
          </div>
        </div>
      </div>
    </div>
    <div
      class="emotion-5"
    >
      <div
        class="MuiGrid-root page-module MuiGrid-container"
      >
        <div
          class="MuiGrid-root MuiGrid-item MuiGrid-grid-xs-12 MuiGrid-grid-sm-12 MuiGrid-grid-md-9"
        >
          <div
            class="emotion-6"
          >
            <div
              class="emotion-0"
            >
              <div
                class="emotion-0"
              >
                <h2
                  class="emotion-9"
                >
                  Lines of Code
                </h2>
                <div
                  id="chart"
                >
                  <svg
                    height="350px"
                    width="550px"
                  >
                    <g
                      transform="translate(50, 50)"
                    >
                      <g
                        style="fill: none"
                      >
                        <g
                          class="line-group"
                        >
                          <path
                            class="line"
                            d="M375,220.60722662941782L450,219.51348074743694"
                            style="stroke: #1f77b4; stroke-width: 5px; opacity: 0.25;"
                          />
                        </g>
                        <g
                          class="line-group"
                        >
                          <path
                            class="line"
                            d="M0,31.376011385499307L375,1.6472076535856417L450,0"
                            style="stroke: #ff7f0e; stroke-width: 5px; opacity: 0.25;"
                          />
                        </g>
                        <g
                          class="line-group"
                        >
                          <path
                            class="line"
                            d="M375,224.17837282239148L450,224.17178399177715"
                            style="stroke: #2ca02c; stroke-width: 5px; opacity: 0.25;"
                          />
                        </g>
                        <g
                          style="fill: #1f77b4;"
                        >
                          <g
                            class="circle"
                          >
                            <circle
                              cx="375"
                              cy="220.60722662941782"
                              r="8"
                              style="opacity: 0.85;"
                            />
                          </g>
                          <g
                            class="circle"
                          >
                            <circle
                              cx="450"
                              cy="219.51348074743694"
                              r="8"
                              style="opacity: 0.85;"
                            />
                          </g>
                        </g>
                        <g
                          style="fill: #ff7f0e;"
                        >
                          <g
                            class="circle"
                          >
                            <circle
                              cx="0"
                              cy="31.376011385499307"
                              r="8"
                              style="opacity: 0.85;"
                            />
                          </g>
                          <g
                            class="circle"
                          >
                            <circle
                              cx="375"
                              cy="1.6472076535856417"
                              r="8"
                              style="opacity: 0.85;"
                            />
                          </g>
                          <g
                            class="circle"
                          >
                            <circle
                              cx="450"
                              cy="0"
                              r="8"
                              style="opacity: 0.85;"
                            />
                          </g>
                        </g>
                        <g
                          style="fill: #2ca02c;"
                        >
                          <g
                            class="circle"
                          >
                            <circle
                              cx="375"
                              cy="224.17837282239148"
                              r="8"
                              style="opacity: 0.85;"
                            />
                          </g>
                          <g
                            class="circle"
                          >
                            <circle
                              cx="450"
                              cy="224.17178399177715"
                              r="8"
                              style="opacity: 0.85;"
                            />
                          </g>
                        </g>
                      </g>
                      <g
                        class="x axis"
                        fill="none"
                        font-family="sans-serif"
                        font-size="10"
                        text-anchor="middle"
                        transform="translate(0, 250)"
                      >
                        <path
                          class="domain"
                          d="M0.5,6V0.5H450.5V6"
                          stroke="currentColor"
                        />
                        <g
                          class="tick"
                          opacity="1"
                          transform="translate(13,0)"
                        >
                          <line
                            stroke="currentColor"
                            y2="6"
                          />
                          <text
                            dy="0.71em"
                            fill="currentColor"
                            y="9"
                          >
                            Mon 11
                          </text>
                        </g>
                        <g
                          class="tick"
                          opacity="1"
                          transform="translate(88,0)"
                        >
                          <line
                            stroke="currentColor"
                            y2="6"
                          />
                          <text
                            dy="0.71em"
                            fill="currentColor"
                            y="9"
                          >
                            Tue 12
                          </text>
                        </g>
                        <g
                          class="tick"
                          opacity="1"
                          transform="translate(163,0)"
                        >
                          <line
                            stroke="currentColor"
                            y2="6"
                          />
                          <text
                            dy="0.71em"
                            fill="currentColor"
                            y="9"
                          >
                            Wed 13
                          </text>
                        </g>
                        <g
                          class="tick"
                          opacity="1"
                          transform="translate(238,0)"
                        >
                          <line
                            stroke="currentColor"
                            y2="6"
                          />
                          <text
                            dy="0.71em"
                            fill="currentColor"
                            y="9"
                          >
                            Thu 14
                          </text>
                        </g>
                        <g
                          class="tick"
                          opacity="1"
                          transform="translate(313,0)"
                        >
                          <line
                            stroke="currentColor"
                            y2="6"
                          />
                          <text
                            dy="0.71em"
                            fill="currentColor"
                            y="9"
                          >
                            Fri 15
                          </text>
                        </g>
                        <g
                          class="tick"
                          opacity="1"
                          transform="translate(388,0)"
                        >
                          <line
                            stroke="currentColor"
                            y2="6"
                          />
                          <text
                            dy="0.71em"
                            fill="currentColor"
                            y="9"
                          >
                            Sat 16
                          </text>
                        </g>
                      </g>
                      <g
                        class="y axis"
                        fill="none"
                        font-family="sans-serif"
                        font-size="10"
                        text-anchor="end"
                      >
                        <path
                          class="domain"
                          d="M-6,250.5H0.5V0.5H-6"
                          stroke="currentColor"
                        />
                        <g
                          class="tick"
                          opacity="1"
                          transform="translate(0,250.5)"
                        >
                          <line
                            stroke="currentColor"
                            x2="-6"
                          />
                          <text
                            dy="0.32em"
                            fill="currentColor"
                            x="-9"
                          >
                            0
                          </text>
                        </g>
                        <g
                          class="tick"
                          opacity="1"
                          transform="translate(0,184.61169385657433)"
                        >
                          <line
                            stroke="currentColor"
                            x2="-6"
                          />
                          <text
                            dy="0.32em"
                            fill="currentColor"
                            x="-9"
                          >
                            10,000
                          </text>
                        </g>
                        <g
                          class="tick"
                          opacity="1"
                          transform="translate(0,118.72338771314867)"
                        >
                          <line
                            stroke="currentColor"
                            x2="-6"
                          />
                          <text
                            dy="0.32em"
                            fill="currentColor"
                            x="-9"
                          >
                            20,000
                          </text>
                        </g>
                        <g
                          class="tick"
                          opacity="1"
                          transform="translate(0,52.835081569722995)"
                        >
                          <line
                            stroke="currentColor"
                            x2="-6"
                          />
                          <text
                            dy="0.32em"
                            fill="currentColor"
                            x="-9"
                          >
                            30,000
                          </text>
                        </g>
                        <text
                          fill="#000"
                          transform="rotate(-90)"
                          y="15"
                        >
                          Total values
                        </text>
                      </g>
                    </g>
                  </svg>
                </div>
              </div>
              <div
                class="emotion-0"
              >
                <h2
                  class="emotion-9"
                >
                  Screenshots
                </h2>
              </div>
              <div
                class="emotion-0"
              >
                <h2
                  class="emotion-9"
                >
                  Sitemap
                </h2>
              </div>
            </div>
          </div>
        </div>
        <div
          class="MuiGrid-root MuiGrid-item MuiGrid-grid-xs-12 MuiGrid-grid-sm-12 MuiGrid-grid-md-3"
        >
          <div
            style="padding-left: 1rem; padding-right: 0.5rem;"
          >
            <div
              class="MuiPaper-root MuiPaper-elevation MuiPaper-rounded MuiPaper-elevation1 emotion-14"
            >
              <div
                class="emotion-15"
              >
                <div
                  class="emotion-16"
                >
                  See also
                </div>
                <div
                  class="emotion-17"
                >
                  <span
                    class="emotion-18"
                  >
                    Movie Awards
                  </span>
                </div>
                <div
                  class="emotion-17"
                >
                  <span
                    class="emotion-18"
                  >
                    Movies
                  </span>
                </div>
                <div
                  class="emotion-17"
                >
                  <span
                    class="emotion-18"
                  >
                    People
                  </span>
                </div>
                <div
                  class="emotion-17"
                >
                  <span
                    class="emotion-18"
                  >
                    Podcasts
                  </span>
                </div>
                <div
                  class="emotion-17"
                >
                  <span
                    class="emotion-18"
                  >
                    Music Podcasts
                  </span>
                </div>
              </div>
            </div>
          </div>
        </div>
      </div>
    </div>
  </div>
</div>
`;

exports[`ABOUT-TIMELINE compare against snapshot 1`] = `
.emotion-0 {
  display: -webkit-box;
  display: -webkit-flex;
  display: -ms-flexbox;
  display: flex;
  -webkit-flex-direction: column;
  -ms-flex-direction: column;
  flex-direction: column;
}

.emotion-1 {
  padding: 0 0 1rem 0;
  margin: 0;
}

.emotion-2 {
  font-size: 1rem;
  margin-bottom: 1rem;
}

.emotion-3 {
  padding-top: 2rem;
}

.emotion-4 {
  display: -webkit-inline-box;
  display: -webkit-inline-flex;
  display: -ms-inline-flexbox;
  display: inline-flex;
  -webkit-align-items: center;
  -webkit-box-align: center;
  -ms-flex-align: center;
  align-items: center;
  -webkit-box-pack: center;
  -ms-flex-pack: center;
  -webkit-justify-content: center;
  justify-content: center;
  position: relative;
  box-sizing: border-box;
  -webkit-tap-highlight-color: transparent;
  background-color: transparent;
  outline: 0;
  border: 0;
  margin: 0;
  border-radius: 0;
  padding: 0;
  cursor: pointer;
  -webkit-user-select: none;
  -moz-user-select: none;
  -ms-user-select: none;
  user-select: none;
  vertical-align: middle;
  -moz-appearance: none;
  -webkit-appearance: none;
  -webkit-text-decoration: none;
  text-decoration: none;
  color: inherit;
  font-family: "Roboto","Helvetica","Arial",sans-serif;
  font-weight: 500;
  font-size: 0.9375rem;
  line-height: 1.75;
  letter-spacing: 0.02857em;
  text-transform: uppercase;
  min-width: 64px;
  padding: 7px 21px;
  border-radius: 4px;
  -webkit-transition: background-color 250ms cubic-bezier(0.4, 0, 0.2, 1) 0ms,box-shadow 250ms cubic-bezier(0.4, 0, 0.2, 1) 0ms,border-color 250ms cubic-bezier(0.4, 0, 0.2, 1) 0ms,color 250ms cubic-bezier(0.4, 0, 0.2, 1) 0ms;
  transition: background-color 250ms cubic-bezier(0.4, 0, 0.2, 1) 0ms,box-shadow 250ms cubic-bezier(0.4, 0, 0.2, 1) 0ms,border-color 250ms cubic-bezier(0.4, 0, 0.2, 1) 0ms,color 250ms cubic-bezier(0.4, 0, 0.2, 1) 0ms;
  border: 1px solid rgba(25, 118, 210, 0.5);
  color: #1976d2;
}

.emotion-4::-moz-focus-inner {
  border-style: none;
}

.emotion-4.Mui-disabled {
  pointer-events: none;
  cursor: default;
}

@media print {
  .emotion-4 {
    -webkit-print-color-adjust: exact;
    color-adjust: exact;
  }
}

.emotion-4:hover {
  -webkit-text-decoration: none;
  text-decoration: none;
  background-color: rgba(25, 118, 210, 0.04);
  border: 1px solid #1976d2;
}

@media (hover: none) {
  .emotion-4:hover {
    background-color: transparent;
  }
}

.emotion-4.Mui-disabled {
  color: rgba(0, 0, 0, 0.26);
  border: 1px solid rgba(0, 0, 0, 0.12);
}

.emotion-5 {
  overflow: hidden;
  pointer-events: none;
  position: absolute;
  z-index: 0;
  top: 0;
  right: 0;
  bottom: 0;
  left: 0;
  border-radius: inherit;
}

<div>
  <div
    class="emotion-0"
  >
    <h2
      class="emotion-1"
    >
      How the project has evolved?
    </h2>
    <div
      class="emotion-2"
    >
      a timeline since the project creation
    </div>
    <div
      class="emotion-3"
    >
      <button
        class="MuiButton-root MuiButton-outlined MuiButton-outlinedPrimary MuiButton-sizeLarge MuiButton-outlinedSizeLarge MuiButtonBase-root emotion-4"
        tabindex="0"
        type="button"
      >
        See all
        <span
          class="MuiTouchRipple-root emotion-5"
        />
      </button>
    </div>
  </div>
</div>
`;
