// Jest Snapshot v1, https://goo.gl/fbAQLP

exports[`STORIES_DIRECTORS compare Page against snapshot 1`] = `
<div>
  <div />
</div>
`;
