// Jest Snapshot v1, https://goo.gl/fbAQLP

exports[`ABOUT-PROJECT-BLOG-POST compare against snapshot 1`] = `<div />`;
