// Jest Snapshot v1, https://goo.gl/fbAQLP

exports[`Directors story compare against snapshot 1`] = `
<div>
  <div />
</div>
`;
