// Jest Snapshot v1, https://goo.gl/fbAQLP

exports[`NAVIGATOR compare Page against snapshot 1`] = `
<div>
  <div
    style="background-color: rgb(248, 248, 248);"
  />
</div>
`;
