// Jest Snapshot v1, https://goo.gl/fbAQLP

exports[`Professions story compare against snapshot 1`] = `
<div>
  <div
    class="css-nen11g-MuiStack-root"
  >
    <h2
      class="css-1621i92"
    >
      Professions
    </h2>
    <div
      class="css-14d0z92"
    >
      "Your own barometer is all you have to go by, and often what makes a good director is knowing when not to say something. On occasions you can find yourself on a film set where the person who is wearing the director's hat is only trying to justify his position." Gary Oldman
    </div>
    <div
      class="css-18ea5fm"
    >
      <div
        class="react-multi-carousel-list container-with-dots "
      >
        <ul
          class="react-multi-carousel-track "
          style="transition: none; overflow: unset; transform: translate3d(0px,0,0);"
        />
      </div>
    </div>
    <div
      class="css-1n1c6cf"
    />
  </div>
</div>
`;
