// Jest Snapshot v1, https://goo.gl/fbAQLP

exports[`STORIES_DASHBOARDS compare against snapshot 1`] = `
.emotion-0 {
  display: -webkit-box;
  display: -webkit-flex;
  display: -ms-flexbox;
  display: flex;
  -webkit-flex-direction: column;
  -ms-flex-direction: column;
  flex-direction: column;
}

.emotion-1 {
  padding: 0 0 1rem 0;
  margin: 0;
}

.emotion-2 {
  font-size: 1rem;
  margin-bottom: 1rem;
}

.emotion-3 {
  font-size: 1rem;
  line-height: 1.25rem;
  margin: 0;
}

.emotion-4 {
  font-size: 0.7rem;
  line-height: 0.75rem;
  margin: 0;
}

.emotion-5 {
  box-sizing: border-box;
  display: -webkit-box;
  display: -webkit-flex;
  display: -ms-flexbox;
  display: flex;
  -webkit-box-flex-wrap: wrap;
  -webkit-flex-wrap: wrap;
  -ms-flex-wrap: wrap;
  flex-wrap: wrap;
  width: 100%;
  -webkit-flex-direction: row;
  -ms-flex-direction: row;
  flex-direction: row;
}

.emotion-6 {
  box-sizing: border-box;
  margin: 0;
  -webkit-flex-direction: row;
  -ms-flex-direction: row;
  flex-direction: row;
  -webkit-flex-basis: 100%;
  -ms-flex-preferred-size: 100%;
  flex-basis: 100%;
  -webkit-box-flex: 0;
  -webkit-flex-grow: 0;
  -ms-flex-positive: 0;
  flex-grow: 0;
  max-width: 100%;
}

@media (min-width:600px) {
  .emotion-6 {
    -webkit-flex-basis: 50%;
    -ms-flex-preferred-size: 50%;
    flex-basis: 50%;
    -webkit-box-flex: 0;
    -webkit-flex-grow: 0;
    -ms-flex-positive: 0;
    flex-grow: 0;
    max-width: 50%;
  }
}

@media (min-width:900px) {
  .emotion-6 {
    -webkit-flex-basis: 33.333333%;
    -ms-flex-preferred-size: 33.333333%;
    flex-basis: 33.333333%;
    -webkit-box-flex: 0;
    -webkit-flex-grow: 0;
    -ms-flex-positive: 0;
    flex-grow: 0;
    max-width: 33.333333%;
  }
}

.emotion-7 {
  cursor: pointer;
  display: -webkit-box;
  display: -webkit-flex;
  display: -ms-flexbox;
  display: flex;
  -webkit-box-flex: 1;
  -webkit-flex-grow: 1;
  -ms-flex-positive: 1;
  flex-grow: 1;
  width: 100%;
}

.emotion-8 {
  width: 100%;
  height: 7rem;
  padding: 1rem;
  color: #fff;
  background-color: #fff;
  background-image: url('/labs-client-web-react/app/img/ba_pro_act.jpg');
  margin: 0 2px 2px 0;
  display: -webkit-box;
  display: -webkit-flex;
  display: -ms-flexbox;
  display: flex;
  text-align: center;
  -webkit-box-pack: center;
  -ms-flex-pack: center;
  -webkit-justify-content: center;
  justify-content: center;
  -webkit-align-items: center;
  -webkit-box-align: center;
  -ms-flex-align: center;
  align-items: center;
  -webkit-flex: 1;
  -ms-flex: 1;
  flex: 1;
  font-size: 1.8rem;
  line-height: 2rem;
  text-transform: lowercase;
}

.emotion-11 {
  width: 100%;
  height: 7rem;
  padding: 1rem;
  color: #fff;
  background-color: #fff;
  background-image: url('/labs-client-web-react/app/img/ba_pro_dir.jpg');
  margin: 0 2px 2px 0;
  display: -webkit-box;
  display: -webkit-flex;
  display: -ms-flexbox;
  display: flex;
  text-align: center;
  -webkit-box-pack: center;
  -ms-flex-pack: center;
  -webkit-justify-content: center;
  justify-content: center;
  -webkit-align-items: center;
  -webkit-box-align: center;
  -ms-flex-align: center;
  align-items: center;
  -webkit-flex: 1;
  -ms-flex: 1;
  flex: 1;
  font-size: 1.8rem;
  line-height: 2rem;
  text-transform: lowercase;
}

.emotion-14 {
  width: 100%;
  height: 7rem;
  padding: 1rem;
  color: #fff;
  background-color: #fff;
  background-image: url('/labs-client-web-react/app/img/ba_pro_wri.jpg');
  margin: 0 2px 2px 0;
  display: -webkit-box;
  display: -webkit-flex;
  display: -ms-flexbox;
  display: flex;
  text-align: center;
  -webkit-box-pack: center;
  -ms-flex-pack: center;
  -webkit-justify-content: center;
  justify-content: center;
  -webkit-align-items: center;
  -webkit-box-align: center;
  -ms-flex-align: center;
  align-items: center;
  -webkit-flex: 1;
  -ms-flex: 1;
  flex: 1;
  font-size: 1.8rem;
  line-height: 2rem;
  text-transform: lowercase;
}

.emotion-24 {
  padding-top: 2rem;
}

<div>
  <div
    class="emotion-0"
  >
    <h2
      class="emotion-1"
    >
      Dashboards
    </h2>
    <div
      class="emotion-2"
    >
      <div
        class="emotion-3"
      >
        THIS IS THE TEST QUOTE
      </div>
      <span
        class="emotion-4"
      >
        The programmer
      </span>
    </div>
    <div
      class="MuiGrid-root MuiGrid-container emotion-5"
    >
      <div
        class="MuiGrid-root MuiGrid-item MuiGrid-grid-xs-12 MuiGrid-grid-sm-6 MuiGrid-grid-md-4 emotion-6"
      >
        <a
          href="/people"
          style="flex: 1; display: flex; width: 100%;"
        >
          <div
            class="emotion-7"
          >
            <div
              class="emotion-8"
              img="/img/ba_pro_act.jpg"
            >
              People
            </div>
          </div>
        </a>
      </div>
      <div
        class="MuiGrid-root MuiGrid-item MuiGrid-grid-xs-12 MuiGrid-grid-sm-6 MuiGrid-grid-md-4 emotion-6"
      >
        <a
          href="/movies"
          style="flex: 1; display: flex; width: 100%;"
        >
          <div
            class="emotion-7"
          >
            <div
              class="emotion-11"
              img="/img/ba_pro_dir.jpg"
            >
              Movies
            </div>
          </div>
        </a>
      </div>
      <div
        class="MuiGrid-root MuiGrid-item MuiGrid-grid-xs-12 MuiGrid-grid-sm-6 MuiGrid-grid-md-4 emotion-6"
      >
        <a
          href="/tv-shows"
          style="flex: 1; display: flex; width: 100%;"
        >
          <div
            class="emotion-7"
          >
            <div
              class="emotion-14"
              img="/img/ba_pro_wri.jpg"
            >
              TV Shows
            </div>
          </div>
        </a>
      </div>
      <div
        class="MuiGrid-root MuiGrid-item MuiGrid-grid-xs-12 MuiGrid-grid-sm-6 MuiGrid-grid-md-4 emotion-6"
      >
        <a
          href="/video-games"
          style="flex: 1; display: flex; width: 100%;"
        >
          <div
            class="emotion-7"
          >
            <div
              class="emotion-14"
              img="/img/ba_pro_wri.jpg"
            >
              Video Games
            </div>
          </div>
        </a>
      </div>
      <div
        class="MuiGrid-root MuiGrid-item MuiGrid-grid-xs-12 MuiGrid-grid-sm-6 MuiGrid-grid-md-4 emotion-6"
      >
        <a
          href="/podcasts"
          style="flex: 1; display: flex; width: 100%;"
        >
          <div
            class="emotion-7"
          >
            <div
              class="emotion-14"
              img="/img/ba_pro_wri.jpg"
            >
              Podcasts
            </div>
          </div>
        </a>
      </div>
      <div
        class="MuiGrid-root MuiGrid-item MuiGrid-grid-xs-12 MuiGrid-grid-sm-6 MuiGrid-grid-md-4 emotion-6"
      >
        <a
          href="/movies/festivals"
          style="flex: 1; display: flex; width: 100%;"
        >
          <div
            class="emotion-7"
          >
            <div
              class="emotion-14"
              img="/img/ba_pro_wri.jpg"
            >
              Festivals
            </div>
          </div>
        </a>
      </div>
    </div>
    <div
      class="emotion-24"
    />
  </div>
</div>
`;
