// Jest Snapshot v1, https://goo.gl/fbAQLP

exports[`PAGE_PODCAST compare Page against snapshot 1`] = `
.emotion-0 {
  display: -webkit-box;
  display: -webkit-flex;
  display: -ms-flexbox;
  display: flex;
  -webkit-flex-direction: column;
  -ms-flex-direction: column;
  flex-direction: column;
}

.emotion-1 {
  display: -webkit-box;
  display: -webkit-flex;
  display: -ms-flexbox;
  display: flex;
  -webkit-flex-direction: column;
  -ms-flex-direction: column;
  flex-direction: column;
  font-size: 1rem;
}

@media (min-width:0px) {
  .emotion-1 {
    padding: 0rem 2rem 3rem 2rem;
  }
}

@media (min-width:600px) {
  .emotion-1 {
    padding: 0rem 2rem 3rem 2rem;
  }
}

@media (min-width:1200px) {
  .emotion-1 {
    padding: 0rem 4rem 3rem 4rem;
  }
}

.emotion-2 {
  padding: 0rem 0rem 4rem 0rem;
}

.emotion-4 {
  margin: 0 0 2rem 0;
  padding: 0;
  width: 100%;
}

.emotion-5 {
  position: relative;
  overflow: hidden;
  background-color: #efefef;
  background-image: url('undefined/img/ph.jpg');
  background-repeat: no-repeat;
  -webkit-background-position: center center;
  background-position: center center;
  width: -webkit-fit-content;
  width: -moz-fit-content;
  width: fit-content;
  height: -webkit-fit-content;
  height: -moz-fit-content;
  height: fit-content;
}

.emotion-6 {
  display: -webkit-box;
  display: -webkit-flex;
  display: -ms-flexbox;
  display: flex;
  -webkit-flex-direction: row;
  -ms-flex-direction: row;
  flex-direction: row;
}

.emotion-7 {
  display: inline-block;
  margin: 0;
  margin-right: 0.25rem;
  margin-bottom: 0.25rem;
}

.emotion-9 {
  font-size: 2.5rem;
  line-height: 2.75rem;
  padding: 0;
  margin: 0;
}

.emotion-10 {
  margin: 0;
  padding: 0;
  font-size: 0.9rem;
  line-height: 1.3rem;
}

.emotion-11 {
  margin: 0;
  padding: 0;
  font-size: 0.8rem;
  line-height: 1.2rem;
  font-weight: 500;
}

.emotion-13 {
  margin: 0;
  margin-bottom: 1rem;
}

.emotion-15 {
  font-size: 1.8rem;
  line-height: 2rem;
  text-transform: lowercase;
  padding: 0;
  margin: 0 0 0.5rem 0;
}

.emotion-16 {
  font-size: 0.7rem;
  line-height: 0.75rem;
  text-transform: uppercase;
  font-weight: 400;
  margin: 0 0 0.15rem 0;
  padding: 0;
}

.emotion-17 {
  font-size: 1rem;
  line-height: 1.25rem;
  margin: 0 0 0.5rem 0;
}

.emotion-20 {
  background-color: #fff;
  color: rgba(0, 0, 0, 0.87);
  -webkit-transition: box-shadow 300ms cubic-bezier(0.4, 0, 0.2, 1) 0ms;
  transition: box-shadow 300ms cubic-bezier(0.4, 0, 0.2, 1) 0ms;
  border-radius: 4px;
  box-shadow: 0px 2px 1px -1px rgba(0,0,0,0.2),0px 1px 1px 0px rgba(0,0,0,0.14),0px 1px 3px 0px rgba(0,0,0,0.12);
}

.emotion-21 {
  padding: 0.85rem;
}

.emotion-22 {
  font-size: 1.5rem;
  padding-bottom: 0.5rem;
}

.emotion-23 {
  font-size: 0.9rem;
}

.emotion-24 {
  cursor: pointer;
  -webkit-text-decoration: underline;
  text-decoration: underline;
  text-decoration-style: dotted;
  text-decoration-color: #556cd6;
  text-decoration-thickness: 1px;
  text-overflow: ellipsis;
  white-space: nowrap;
  overflow: hidden;
  display: inline-block;
  width: 100%;
}

<div>
  
  <div
    class="emotion-0"
  >
    <div
      class="emotion-1"
    >
      <div
        class="MuiGrid-root page-module MuiGrid-container"
      >
        <div
          class="MuiGrid-root MuiGrid-item MuiGrid-grid-xs-12 MuiGrid-grid-sm-12 MuiGrid-grid-md-9"
        >
          <div
            class="emotion-2"
          >
            <div
              class="emotion-0"
            >
              <div
                class="emotion-4"
              >
                <div
                  style="height: 300px; width: 100%; background-color: rgb(51, 51, 51); overflow: hidden;"
                >
                  <div
                    class="emotion-5"
                  >
                    <img
                      height="300"
                      style="opacity: 1; margin: 0px; padding: 0px; border: 0px;"
                      width="250"
                    />
                    <img
                      height="300"
                      src="http://az592690.vo.msecnd.net/media/channels/gillespetersonww/images/original/gillespeterson_logo-square-thumb-e1352205457791.jpg"
                      style="position: absolute; top: 0px; left: 0px; margin: 0px; padding: 0px; border: 0px;"
                      width="250"
                    />
                  </div>
                </div>
              </div>
              <div
                class="emotion-6"
              >
                <div
                  class="emotion-7"
                >
                  <div
                    class="MuiChip-root MuiChip-colorPrimary MuiChip-sizeSmall"
                  >
                    <span
                      class="MuiChip-label MuiChip-labelSmall"
                    >
                      music
                    </span>
                  </div>
                </div>
              </div>
              <div
                class="emotion-4"
              >
                <h2
                  class="emotion-9"
                >
                  Gilles Peterson
                </h2>
                <div
                  class="emotion-10"
                >
                  Searching for the Perfect Beat
                </div>
                <div
                  class="emotion-11"
                >
                  by 
                  Gilles Peterson
                </div>
              </div>
              <div
                class="emotion-4"
              >
                <div
                  class="emotion-13"
                >
                  Searching for the Perfect Beat
                </div>
              </div>
              <div
                class="emotion-4"
              >
                <h3
                  class="emotion-15"
                >
                  general information
                </h3>
                <div>
                  <div
                    class="emotion-16"
                  >
                    Created
                  </div>
                  <div
                    class="emotion-17"
                  >
                    <span>
                      25/11/2016
                    </span>
                     
                  </div>
                </div>
                <div>
                  <div
                    class="emotion-16"
                  >
                    Language
                  </div>
                  <div
                    class="emotion-17"
                  >
                    English
                     
                  </div>
                </div>
              </div>
              <div />
            </div>
          </div>
        </div>
        <div
          class="MuiGrid-root MuiGrid-item MuiGrid-grid-xs-12 MuiGrid-grid-sm-12 MuiGrid-grid-md-3"
        >
          <div
            style="padding-left: 1rem; padding-right: 0.5rem;"
          >
            <div
              class="MuiPaper-root MuiPaper-elevation MuiPaper-rounded MuiPaper-elevation1 emotion-20"
            >
              <div
                class="emotion-21"
              >
                <div
                  class="emotion-22"
                >
                  See also
                </div>
                <div
                  class="emotion-23"
                >
                  <span
                    class="emotion-24"
                  >
                    Movie Awards
                  </span>
                </div>
                <div
                  class="emotion-23"
                >
                  <span
                    class="emotion-24"
                  >
                    Movies
                  </span>
                </div>
                <div
                  class="emotion-23"
                >
                  <span
                    class="emotion-24"
                  >
                    People
                  </span>
                </div>
                <div
                  class="emotion-23"
                >
                  <span
                    class="emotion-24"
                  >
                    Podcasts
                  </span>
                </div>
                <div
                  class="emotion-23"
                >
                  <span
                    class="emotion-24"
                  >
                    Music Podcasts
                  </span>
                </div>
              </div>
            </div>
          </div>
        </div>
      </div>
    </div>
  </div>
</div>
`;
