// Jest Snapshot v1, https://goo.gl/fbAQLP

exports[`STORIES_ACTORS compare against snapshot 1`] = `<div />`;
