// Jest Snapshot v1, https://goo.gl/fbAQLP

exports[`PAGE_VIDEO_GAME compare Page against snapshot 1`] = `
<div>
  <div />
</div>
`;
