// Jest Snapshot v1, https://goo.gl/fbAQLP

exports[`SEARCH compare against snapshot 1`] = `
<div>
  <div
    class="css-nen11g-MuiStack-root"
  >
    <div
      class="css-1exnf3f-MuiStack-root"
    >
      <div
        class="MuiGrid-root page-module MuiGrid-container"
      >
        <div
          class="MuiGrid-root MuiGrid-item MuiGrid-grid-xs-12 MuiGrid-grid-sm-12 MuiGrid-grid-md-9"
        >
          <div
            class="css-1tltgwc"
          >
            <div
              class="css-fxtdit"
            >
              <div
                class="css-3gbbd7"
              >
                <div>
                  search results for: 
                  <span
                    class="css-in3yi3"
                  >
                    transformers
                  </span>
                </div>
              </div>
              <div
                class="css-1i68010"
              >
                <h3
                  class="css-1wsh0w7"
                >
                  Filters
                </h3>
                <div
                  class="MuiFormGroup-root css-dmmspl-MuiFormGroup-root"
                >
                  <div
                    class="MuiGrid-root MuiGrid-container"
                  >
                    <div
                      class="MuiGrid-root MuiGrid-item"
                    >
                      <label
                        class="MuiFormControlLabel-root MuiFormControlLabel-labelPlacementTop css-1hpqosy-MuiFormControlLabel-root"
                      >
                        <span
                          class="MuiCheckbox-root MuiCheckbox-colorPrimary MuiButtonBase-root MuiCheckbox-root MuiCheckbox-colorPrimary PrivateSwitchBase-root Mui-checked css-12wnr2w-MuiButtonBase-root-MuiCheckbox-root"
                        >
                          <input
                            checked=""
                            class="PrivateSwitchBase-input css-1m9pwf3"
                            data-indeterminate="false"
                            name="person"
                            type="checkbox"
                          />
                          <svg
                            aria-hidden="true"
                            class="MuiSvgIcon-root MuiSvgIcon-fontSizeMedium css-i4bv87-MuiSvgIcon-root"
                            data-testid="CheckBoxIcon"
                            focusable="false"
                            viewBox="0 0 24 24"
                          >
                            <path
                              d="M19 3H5c-1.11 0-2 .9-2 2v14c0 1.1.89 2 2 2h14c1.11 0 2-.9 2-2V5c0-1.1-.89-2-2-2zm-9 14l-5-5 1.41-1.41L10 14.17l7.59-7.59L19 8l-9 9z"
                            />
                          </svg>
                          <span
                            class="MuiTouchRipple-root css-8je8zh-MuiTouchRipple-root"
                          />
                        </span>
                        <span
                          class="MuiTypography-root MuiTypography-body1 MuiFormControlLabel-label css-ahj2mt-MuiTypography-root"
                        >
                          people
                        </span>
                      </label>
                    </div>
                    <div
                      class="MuiGrid-root MuiGrid-item"
                    >
                      <label
                        class="MuiFormControlLabel-root MuiFormControlLabel-labelPlacementTop css-1hpqosy-MuiFormControlLabel-root"
                      >
                        <span
                          class="MuiCheckbox-root MuiCheckbox-colorPrimary MuiButtonBase-root MuiCheckbox-root MuiCheckbox-colorPrimary PrivateSwitchBase-root Mui-checked css-12wnr2w-MuiButtonBase-root-MuiCheckbox-root"
                        >
                          <input
                            checked=""
                            class="PrivateSwitchBase-input css-1m9pwf3"
                            data-indeterminate="false"
                            name="movie"
                            type="checkbox"
                          />
                          <svg
                            aria-hidden="true"
                            class="MuiSvgIcon-root MuiSvgIcon-fontSizeMedium css-i4bv87-MuiSvgIcon-root"
                            data-testid="CheckBoxIcon"
                            focusable="false"
                            viewBox="0 0 24 24"
                          >
                            <path
                              d="M19 3H5c-1.11 0-2 .9-2 2v14c0 1.1.89 2 2 2h14c1.11 0 2-.9 2-2V5c0-1.1-.89-2-2-2zm-9 14l-5-5 1.41-1.41L10 14.17l7.59-7.59L19 8l-9 9z"
                            />
                          </svg>
                          <span
                            class="MuiTouchRipple-root css-8je8zh-MuiTouchRipple-root"
                          />
                        </span>
                        <span
                          class="MuiTypography-root MuiTypography-body1 MuiFormControlLabel-label css-ahj2mt-MuiTypography-root"
                        >
                          movies
                        </span>
                      </label>
                    </div>
                    <div
                      class="MuiGrid-root MuiGrid-item"
                    >
                      <label
                        class="MuiFormControlLabel-root MuiFormControlLabel-labelPlacementTop css-1hpqosy-MuiFormControlLabel-root"
                      >
                        <span
                          class="MuiCheckbox-root MuiCheckbox-colorPrimary MuiButtonBase-root MuiCheckbox-root MuiCheckbox-colorPrimary PrivateSwitchBase-root Mui-checked css-12wnr2w-MuiButtonBase-root-MuiCheckbox-root"
                        >
                          <input
                            checked=""
                            class="PrivateSwitchBase-input css-1m9pwf3"
                            data-indeterminate="false"
                            name="tv_show"
                            type="checkbox"
                          />
                          <svg
                            aria-hidden="true"
                            class="MuiSvgIcon-root MuiSvgIcon-fontSizeMedium css-i4bv87-MuiSvgIcon-root"
                            data-testid="CheckBoxIcon"
                            focusable="false"
                            viewBox="0 0 24 24"
                          >
                            <path
                              d="M19 3H5c-1.11 0-2 .9-2 2v14c0 1.1.89 2 2 2h14c1.11 0 2-.9 2-2V5c0-1.1-.89-2-2-2zm-9 14l-5-5 1.41-1.41L10 14.17l7.59-7.59L19 8l-9 9z"
                            />
                          </svg>
                          <span
                            class="MuiTouchRipple-root css-8je8zh-MuiTouchRipple-root"
                          />
                        </span>
                        <span
                          class="MuiTypography-root MuiTypography-body1 MuiFormControlLabel-label css-ahj2mt-MuiTypography-root"
                        >
                          tv shows
                        </span>
                      </label>
                    </div>
                    <div
                      class="MuiGrid-root MuiGrid-item"
                    >
                      <label
                        class="MuiFormControlLabel-root MuiFormControlLabel-labelPlacementTop css-1hpqosy-MuiFormControlLabel-root"
                      >
                        <span
                          class="MuiCheckbox-root MuiCheckbox-colorPrimary MuiButtonBase-root MuiCheckbox-root MuiCheckbox-colorPrimary PrivateSwitchBase-root Mui-checked css-12wnr2w-MuiButtonBase-root-MuiCheckbox-root"
                        >
                          <input
                            checked=""
                            class="PrivateSwitchBase-input css-1m9pwf3"
                            data-indeterminate="false"
                            name="video_game"
                            type="checkbox"
                          />
                          <svg
                            aria-hidden="true"
                            class="MuiSvgIcon-root MuiSvgIcon-fontSizeMedium css-i4bv87-MuiSvgIcon-root"
                            data-testid="CheckBoxIcon"
                            focusable="false"
                            viewBox="0 0 24 24"
                          >
                            <path
                              d="M19 3H5c-1.11 0-2 .9-2 2v14c0 1.1.89 2 2 2h14c1.11 0 2-.9 2-2V5c0-1.1-.89-2-2-2zm-9 14l-5-5 1.41-1.41L10 14.17l7.59-7.59L19 8l-9 9z"
                            />
                          </svg>
                          <span
                            class="MuiTouchRipple-root css-8je8zh-MuiTouchRipple-root"
                          />
                        </span>
                        <span
                          class="MuiTypography-root MuiTypography-body1 MuiFormControlLabel-label css-ahj2mt-MuiTypography-root"
                        >
                          video games
                        </span>
                      </label>
                    </div>
                    <div
                      class="MuiGrid-root MuiGrid-item"
                    >
                      <label
                        class="MuiFormControlLabel-root MuiFormControlLabel-labelPlacementTop css-1hpqosy-MuiFormControlLabel-root"
                      >
                        <span
                          class="MuiCheckbox-root MuiCheckbox-colorPrimary MuiButtonBase-root MuiCheckbox-root MuiCheckbox-colorPrimary PrivateSwitchBase-root Mui-checked css-12wnr2w-MuiButtonBase-root-MuiCheckbox-root"
                        >
                          <input
                            checked=""
                            class="PrivateSwitchBase-input css-1m9pwf3"
                            data-indeterminate="false"
                            name="podcast"
                            type="checkbox"
                          />
                          <svg
                            aria-hidden="true"
                            class="MuiSvgIcon-root MuiSvgIcon-fontSizeMedium css-i4bv87-MuiSvgIcon-root"
                            data-testid="CheckBoxIcon"
                            focusable="false"
                            viewBox="0 0 24 24"
                          >
                            <path
                              d="M19 3H5c-1.11 0-2 .9-2 2v14c0 1.1.89 2 2 2h14c1.11 0 2-.9 2-2V5c0-1.1-.89-2-2-2zm-9 14l-5-5 1.41-1.41L10 14.17l7.59-7.59L19 8l-9 9z"
                            />
                          </svg>
                          <span
                            class="MuiTouchRipple-root css-8je8zh-MuiTouchRipple-root"
                          />
                        </span>
                        <span
                          class="MuiTypography-root MuiTypography-body1 MuiFormControlLabel-label css-ahj2mt-MuiTypography-root"
                        >
                          podcasts
                        </span>
                      </label>
                    </div>
                    <div
                      class="MuiGrid-root MuiGrid-item"
                    >
                      <label
                        class="MuiFormControlLabel-root MuiFormControlLabel-labelPlacementTop css-1hpqosy-MuiFormControlLabel-root"
                      >
                        <span
                          class="MuiCheckbox-root MuiCheckbox-colorPrimary MuiButtonBase-root MuiCheckbox-root MuiCheckbox-colorPrimary PrivateSwitchBase-root Mui-checked css-12wnr2w-MuiButtonBase-root-MuiCheckbox-root"
                        >
                          <input
                            checked=""
                            class="PrivateSwitchBase-input css-1m9pwf3"
                            data-indeterminate="false"
                            name="festival"
                            type="checkbox"
                          />
                          <svg
                            aria-hidden="true"
                            class="MuiSvgIcon-root MuiSvgIcon-fontSizeMedium css-i4bv87-MuiSvgIcon-root"
                            data-testid="CheckBoxIcon"
                            focusable="false"
                            viewBox="0 0 24 24"
                          >
                            <path
                              d="M19 3H5c-1.11 0-2 .9-2 2v14c0 1.1.89 2 2 2h14c1.11 0 2-.9 2-2V5c0-1.1-.89-2-2-2zm-9 14l-5-5 1.41-1.41L10 14.17l7.59-7.59L19 8l-9 9z"
                            />
                          </svg>
                          <span
                            class="MuiTouchRipple-root css-8je8zh-MuiTouchRipple-root"
                          />
                        </span>
                        <span
                          class="MuiTypography-root MuiTypography-body1 MuiFormControlLabel-label css-ahj2mt-MuiTypography-root"
                        >
                          movie festivals
                        </span>
                      </label>
                    </div>
                  </div>
                </div>
              </div>
              <div
                class="css-0"
              >
                <div
                  class="css-7ry9k1"
                >
                  <div
                    class="css-1p5q5e5-MuiStack-root"
                  >
                    <div
                      class="css-1p5q5e5-MuiStack-root"
                    >
                      <div
                        class="css-0"
                      >
                        <div
                          class="css-1fe9i7b"
                        >
                          Video Game
                        </div>
                        <h3
                          class="css-8kn4zf"
                        >
                          <span
                            class="css-pt399b"
                          >
                            transformers
                          </span>
                        </h3>
                        <div
                          class="css-1gqgroh"
                        >
                          released: 2004-01-01T05:00:00.000Z
                        </div>
                      </div>
                      <hr
                        class="MuiDivider-root MuiDivider-fullWidth MuiDivider-flexItem css-yk10cl-MuiDivider-root"
                      />
                      <div
                        class="css-0"
                      >
                        <div
                          class="css-1fe9i7b"
                        >
                          Movie
                        </div>
                        <h3
                          class="css-8kn4zf"
                        >
                          <span
                            class="css-pt399b"
                          >
                            transformers
                          </span>
                        </h3>
                      </div>
                      <hr
                        class="MuiDivider-root MuiDivider-fullWidth MuiDivider-flexItem css-yk10cl-MuiDivider-root"
                      />
                      <div
                        class="css-0"
                      >
                        <div
                          class="css-1fe9i7b"
                        >
                          Video Game
                        </div>
                        <h3
                          class="css-8kn4zf"
                        >
                          <span
                            class="css-pt399b"
                          >
                            transformers
                          </span>
                        </h3>
                        <div
                          class="css-1gqgroh"
                        >
                          released: 2003-01-01T05:00:00.000Z
                        </div>
                      </div>
                      <hr
                        class="MuiDivider-root MuiDivider-fullWidth MuiDivider-flexItem css-yk10cl-MuiDivider-root"
                      />
                      <div
                        class="css-0"
                      >
                        <div
                          class="css-1fe9i7b"
                        >
                          Movie
                        </div>
                        <h3
                          class="css-8kn4zf"
                        >
                          <span
                            class="css-pt399b"
                          >
                            transformers
                          </span>
                        </h3>
                      </div>
                      <hr
                        class="MuiDivider-root MuiDivider-fullWidth MuiDivider-flexItem css-yk10cl-MuiDivider-root"
                      />
                      <div
                        class="css-0"
                      >
                        <div
                          class="css-1fe9i7b"
                        >
                          Video Game
                        </div>
                        <h3
                          class="css-8kn4zf"
                        >
                          <span
                            class="css-pt399b"
                          >
                            transformers animated: the game
                          </span>
                        </h3>
                        <div
                          class="css-1gqgroh"
                        >
                          released: 2008-01-01T05:00:00.000Z
                        </div>
                      </div>
                      <hr
                        class="MuiDivider-root MuiDivider-fullWidth MuiDivider-flexItem css-yk10cl-MuiDivider-root"
                      />
                      <div
                        class="css-0"
                      >
                        <div
                          class="css-1fe9i7b"
                        >
                          TV Show
                        </div>
                        <h3
                          class="css-8kn4zf"
                        >
                          <span
                            class="css-pt399b"
                          >
                            transformers ascension
                          </span>
                        </h3>
                        <div
                          class="css-1gqgroh"
                        >
                          released: 2016-01-01T05:00:00.000Z
                        </div>
                      </div>
                      <hr
                        class="MuiDivider-root MuiDivider-fullWidth MuiDivider-flexItem css-yk10cl-MuiDivider-root"
                      />
                      <div
                        class="css-0"
                      >
                        <div
                          class="css-1fe9i7b"
                        >
                          TV Show
                        </div>
                        <h3
                          class="css-8kn4zf"
                        >
                          <span
                            class="css-pt399b"
                          >
                            transformers australia: grandpa unboxing
                          </span>
                        </h3>
                        <div
                          class="css-1gqgroh"
                        >
                          released: 2016-01-01T05:00:00.000Z
                        </div>
                      </div>
                      <hr
                        class="MuiDivider-root MuiDivider-fullWidth MuiDivider-flexItem css-yk10cl-MuiDivider-root"
                      />
                      <div
                        class="css-0"
                      >
                        <div
                          class="css-1fe9i7b"
                        >
                          Movie
                        </div>
                        <h3
                          class="css-8kn4zf"
                        >
                          <span
                            class="css-pt399b"
                          >
                            transformers cataclysm
                          </span>
                        </h3>
                      </div>
                      <hr
                        class="MuiDivider-root MuiDivider-fullWidth MuiDivider-flexItem css-yk10cl-MuiDivider-root"
                      />
                      <div
                        class="css-0"
                      >
                        <div
                          class="css-1fe9i7b"
                        >
                          TV Show
                        </div>
                        <h3
                          class="css-8kn4zf"
                        >
                          <span
                            class="css-pt399b"
                          >
                            transformers contention
                          </span>
                        </h3>
                        <div
                          class="css-1gqgroh"
                        >
                          released: 2018-01-01T05:00:00.000Z
                        </div>
                      </div>
                      <hr
                        class="MuiDivider-root MuiDivider-fullWidth MuiDivider-flexItem css-yk10cl-MuiDivider-root"
                      />
                      <div
                        class="css-0"
                      >
                        <div
                          class="css-1fe9i7b"
                        >
                          Movie
                        </div>
                        <h3
                          class="css-8kn4zf"
                        >
                          <span
                            class="css-pt399b"
                          >
                            transformers crusade
                          </span>
                        </h3>
                      </div>
                    </div>
                    <div
                      class="css-1clyo4s-MuiStack-root"
                    >
                      <button
                        class="MuiButton-root MuiButton-outlined MuiButton-outlinedPrimary MuiButton-sizeMedium MuiButton-outlinedSizeMedium MuiButtonBase-root Mui-disabled css-1rwt2y5-MuiButtonBase-root-MuiButton-root"
                        disabled=""
                        tabindex="-1"
                        type="button"
                      >
                        Back
                      </button>
                      <button
                        class="MuiButton-root MuiButton-outlined MuiButton-outlinedPrimary MuiButton-sizeMedium MuiButton-outlinedSizeMedium MuiButtonBase-root css-1rwt2y5-MuiButtonBase-root-MuiButton-root"
                        tabindex="0"
                        type="button"
                      >
                        Next
                        <span
                          class="MuiTouchRipple-root css-8je8zh-MuiTouchRipple-root"
                        />
                      </button>
                    </div>
                  </div>
                </div>
              </div>
            </div>
          </div>
        </div>
        <div
          class="MuiGrid-root MuiGrid-item MuiGrid-grid-xs-12 MuiGrid-grid-sm-12 MuiGrid-grid-md-3"
        >
          <div
            style="padding-left: 1rem; padding-right: 0.5rem;"
          >
            <div
              class="MuiPaper-root MuiPaper-elevation MuiPaper-rounded MuiPaper-elevation1 css-1ps6pg7-MuiPaper-root"
            >
              <div
                class="css-vcmx0t"
              >
                <div
                  class="css-365mzx"
                >
                  Stories
                </div>
              </div>
            </div>
          </div>
        </div>
      </div>
    </div>
  </div>
</div>
`;
